[00:00] AUCUNE ALERTE
<<<<<<< HEAD
<<<<<<< HEAD
[00:00] AUCUNE ALERTE
[00:00] AUCUNE ALERTE
[3-8-2026 0:21:6] ALERTE JAUNE — C13 (Noeud 5) VIBRATION : 0.51 (seuil : 0.50) → Alerte Jaune: Derive de frequence observee (augmentation de raideur)
[3-8-2026 0:21:6] ALERTE JAUNE — C17 (Pile Nord) SURCHARGE : 2450.00 (seuil : 2400.00) → Diminuer les charges lourdes
[3-8-2026 0:21:6] ALERTE JAUNE — C19 (Pile Centre 2) SURCHARGE : 2410.00 (seuil : 2400.00) → Diminuer les charges lourdes
[3-8-2026 0:21:6] ALERTE JAUNE — C20 (Pile Sud) SURCHARGE : 2440.00 (seuil : 2400.00) → Diminuer les charges lourdes
[3-8-2026 0:21:6] ALERTE JAUNE — C23 (Appui Sud) SURCHARGE : 1210.00 (seuil : 1200.00) → Diminuer les charges lourdes
[3-8-2026 0:24:22] ALERTE JAUNE — C13 (Noeud 5) VIBRATION : 0.51 (seuil : 0.50) → Alerte Jaune: Derive de frequence observee (augmentation de raideur)
[3-8-2026 0:26:39] ALERTE JAUNE — C13 (Noeud 5) VIBRATION : 0.51 (seuil : 0.50) → Alerte Jaune: Derive de frequence observee (augmentation de raideur)
[3-8-2026 0:27:56] ALERTE JAUNE — C13 (Noeud 5) VIBRATION : 0.51 (seuil : 0.50) → Alerte Jaune: Derive de frequence observee (augmentation de raideur)
[3-8-2026 0:27:56] ALERTE JAUNE — C17 (Pile Nord) SURCHARGE : 2450.00 (seuil : 2400.00) → Diminuer les charges lourdes
[3-8-2026 0:27:56] ALERTE JAUNE — C19 (Pile Centre 2) SURCHARGE : 2410.00 (seuil : 2400.00) → Diminuer les charges lourdes
[3-8-2026 0:27:56] ALERTE JAUNE — C20 (Pile Sud) SURCHARGE : 2440.00 (seuil : 2400.00) → Diminuer les charges lourdes
[3-8-2026 0:27:56] ALERTE JAUNE — C23 (Appui Sud) SURCHARGE : 1210.00 (seuil : 1200.00) → Diminuer les charges lourdes
[00:00] AUCUNE ALERTE
[3-8-2026 0:28:57] ALERTE JAUNE — C13 (Noeud 5) VIBRATION : 0.51 (seuil : 0.50) → Alerte Jaune: Derive de frequence observee (augmentation de raideur)
[3-8-2026 0:28:57] ALERTE JAUNE — C17 (Pile Nord) SURCHARGE : 2450.00 (seuil : 2400.00) → Diminuer les charges lourdes
[3-8-2026 0:28:57] ALERTE JAUNE — C19 (Pile Centre 2) SURCHARGE : 2410.00 (seuil : 2400.00) → Diminuer les charges lourdes
[3-8-2026 0:28:57] ALERTE JAUNE — C20 (Pile Sud) SURCHARGE : 2440.00 (seuil : 2400.00) → Diminuer les charges lourdes
[3-8-2026 0:28:57] ALERTE JAUNE — C23 (Appui Sud) SURCHARGE : 1210.00 (seuil : 1200.00) → Diminuer les charges lourdes
[3-8-2026 0:30:7] ALERTE JAUNE - C13 (Noeud 5) VIBRATION : 0.51 (seuil : 0.50) -> Alerte Jaune: Derive de frequence observee (augmentation de raideur)
[3-8-2026 0:30:7] ALERTE JAUNE - C17 (Pile Nord) SURCHARGE : 2450.00 (seuil : 2400.00) -> Diminuer les charges lourdes
[3-8-2026 0:30:7] ALERTE JAUNE - C19 (Pile Centre 2) SURCHARGE : 2410.00 (seuil : 2400.00) -> Diminuer les charges lourdes
[3-8-2026 0:30:7] ALERTE JAUNE - C20 (Pile Sud) SURCHARGE : 2440.00 (seuil : 2400.00) -> Diminuer les charges lourdes
[3-8-2026 0:30:7] ALERTE JAUNE - C23 (Appui Sud) SURCHARGE : 1210.00 (seuil : 1200.00) -> Diminuer les charges lourdes
=======
[30/07/2026 18:00] ALERTE JAUNE — C13 (Noeud 5) VIBRATION : 0.51 (seuil : 0.50) → Alerte Jaune: Derive de frequence observee (augmentation de raideur)
[27/07/2026 10:00] ALERTE JAUNE — C17 (Pile Nord) SURCHARGE : 2450.00 (seuil : 2400.00) → Diminuer les charges lourdes
[27/07/2026 10:00] ALERTE JAUNE — C19 (Pile Centre 2) SURCHARGE : 2410.00 (seuil : 2400.00) → Diminuer les charges lourdes
[27/07/2026 10:00] ALERTE JAUNE — C20 (Pile Sud) SURCHARGE : 2440.00 (seuil : 2400.00) → Diminuer les charges lourdes
[27/07/2026 10:00] ALERTE JAUNE — C23 (Appui Sud) SURCHARGE : 1210.00 (seuil : 1200.00) → Diminuer les charges lourdes
[00:00] AUCUNE ALERTE
>>>>>>> 7d216de36790b6f1e9916062161b88b62fc27fe2
[00:00] AUCUNE ALERTE
=======
[30/07/2026 18:00] ALERTE JAUNE — C13 (Noeud 5) VIBRATION : 0.51 (seuil : 0.50) → Alerte Jaune: Derive de frequence observee (augmentation de raideur)
[27/07/2026 10:00] ALERTE JAUNE — C17 (Pile Nord) SURCHARGE : 2450.00 (seuil : 2400.00) → Diminuer les charges lourdes
[27/07/2026 10:00] ALERTE JAUNE — C19 (Pile Centre 2) SURCHARGE : 2410.00 (seuil : 2400.00) → Diminuer les charges lourdes
[27/07/2026 10:00] ALERTE JAUNE — C20 (Pile Sud) SURCHARGE : 2440.00 (seuil : 2400.00) → Diminuer les charges lourdes
[27/07/2026 10:00] ALERTE JAUNE — C23 (Appui Sud) SURCHARGE : 1210.00 (seuil : 1200.00) → Diminuer les charges lourdes
[00:00] AUCUNE ALERTE
[00:00] AUCUNE ALERTE
>>>>>>> c81e0d2c9bd282ed9bf627c1d41b7730a4e6dbc9
[3-8-2026 20:11:29] ALERTE JAUNE - C13 (Noeud 5) VIBRATION : 0.51 (seuil : 0.50) -> Alerte Jaune: Derive de frequence observee (augmentation de raideur)
[3-8-2026 20:11:29] ALERTE ROUGE - C22 (Appui Centre) DEFORMATION : 30.00 (seuil : 15.00) -> ALERTE ASYMETRIE: Ecart important entre Travee Centre-N et Centre-S (Risque fissuration)
[3-8-2026 20:11:29] ALERTE JAUNE - C17 (Pile Nord) SURCHARGE : 2450.00 (seuil : 2400.00) -> Diminuer les charges lourdes
[3-8-2026 20:11:29] ALERTE JAUNE - C19 (Pile Centre 2) SURCHARGE : 2410.00 (seuil : 2400.00) -> Diminuer les charges lourdes
[3-8-2026 20:11:29] ALERTE JAUNE - C20 (Pile Sud) SURCHARGE : 2440.00 (seuil : 2400.00) -> Diminuer les charges lourdes
[3-8-2026 20:11:29] ALERTE JAUNE - C23 (Appui Sud) SURCHARGE : 1210.00 (seuil : 1200.00) -> Diminuer les charges lourdes
[3-8-2026 20:40:19] ALERTE JAUNE - C13 (Noeud 5) VIBRATION : 0.51 (seuil : 0.50) -> Alerte Jaune: Derive de frequence observee (augmentation de raideur)
[3-8-2026 20:40:19] ALERTE ROUGE - C22 (Appui Centre) DEFORMATION : 30.00 (seuil : 15.00) -> ALERTE ASYMETRIE: Ecart important entre Travee Centre-N et Centre-S (Risque fissuration)
[3-8-2026 20:40:19] ALERTE JAUNE - C17 (Pile Nord) SURCHARGE : 2450.00 (seuil : 2400.00) -> Diminuer les charges lourdes
[3-8-2026 20:40:19] ALERTE JAUNE - C19 (Pile Centre 2) SURCHARGE : 2410.00 (seuil : 2400.00) -> Diminuer les charges lourdes
[3-8-2026 20:40:19] ALERTE JAUNE - C20 (Pile Sud) SURCHARGE : 2440.00 (seuil : 2400.00) -> Diminuer les charges lourdes
[3-8-2026 20:40:19] ALERTE JAUNE - C23 (Appui Sud) SURCHARGE : 1210.00 (seuil : 1200.00) -> Diminuer les charges lourdes
[3-8-2026 21:8:12] ALERTE ROUGE -  (Noeud 1) VIBRATION : 0.00 (seuil : 0.30) -> URGENT: Frequence critique hors norme - Risque d'instabilite ou perte de raideur
[3-8-2026 21:8:12] ALERTE ROUGE -  (Noeud 2) VIBRATION : 0.00 (seuil : 0.30) -> URGENT: Frequence critique hors norme - Risque d'instabilite ou perte de raideur
[3-8-2026 21:8:12] ALERTE ROUGE -  (Noeud 3) VIBRATION : 0.00 (seuil : 0.30) -> URGENT: Frequence critique hors norme - Risque d'instabilite ou perte de raideur
[3-8-2026 21:8:12] ALERTE ROUGE -  (Noeud 4) VIBRATION : 0.00 (seuil : 0.30) -> URGENT: Frequence critique hors norme - Risque d'instabilite ou perte de raideur
[3-8-2026 21:8:12] ALERTE ROUGE -  (Noeud 5) VIBRATION : 0.00 (seuil : 0.30) -> URGENT: Frequence critique hors norme - Risque d'instabilite ou perte de raideur
[3-8-2026 21:8:12] ALERTE ROUGE -  (Noeud 6) VIBRATION : 0.00 (seuil : 0.30) -> URGENT: Frequence critique hors norme - Risque d'instabilite ou perte de raideur
[3-8-2026 21:8:12] ALERTE ROUGE -  (Noeud 7) VIBRATION : 0.00 (seuil : 0.30) -> URGENT: Frequence critique hors norme - Risque d'instabilite ou perte de raideur
[3-8-2026 21:8:12] ALERTE ROUGE -  (Noeud 8) VIBRATION : 0.00 (seuil : 0.30) -> URGENT: Frequence critique hors norme - Risque d'instabilite ou perte de raideur
[00:00] AUCUNE ALERTE
